<area shape="rect" href="$kb__config_8c.html#926246be81a30dc96c00c5894ee89eda" title="kb_config_exit" alt="" coords="120,68,224,92">
<area shape="rect" href="$kb__config_8c.html#37d877a60e61f05a022144e615073a24" title="kb_config_init" alt="" coords="121,152,223,176">
<area shape="rect" href="$kb__config_8c.html#0b27917fe2598af359acfa8feb9cf919" title="kb_lookup_device" alt="" coords="109,212,235,236">
<area shape="rect" href="$kb__error_8c.html#4e87b68cbeda7d5b4f3f17db17edb320" title="kb_msg" alt="" coords="139,260,205,284">
<area shape="rect" href="$kb__error_8c.html#a37d3cf5b9b4e8a961c0f7a405664cc6" title="kb_set_debug_level" alt="" coords="104,308,240,332">
<area shape="rect" href="$kb__symbol_8c.html#d9f17597993089cfb72ae246d042b8d0" title="kb_destroy_symbol_table" alt="" coords="289,32,457,56">
<area shape="rect" href="$kb__symbol_8c.html#585b69e2d195df5cd53c58d57b6453d2" title="kb_create_symbol_table" alt="" coords="292,80,455,104">
<area shape="rect" href="$kb__config_8c.html#eae8d52f8fbbb3f6f4f4b6c2fc39aaf0" title="kb_parse_config_file" alt="" coords="304,128,443,152">
<area shape="rect" href="$kb__error_8c.html#0f83c793a43fabfda5685be6bc7615f2" title="kb_warning" alt="" coords="331,176,416,200">
<area shape="rect" href="$kb__config_8c.html#8cce096c96023cdf8eb1c086bd2210b5" title="kb_config_error" alt="" coords="700,5,809,29">
<area shape="rect" href="$kb__error_8c.html#9cb11fb40aba13d25f44b89cc71f5e67" title="kb_error" alt="" coords="721,54,788,78">
<area shape="rect" href="$kb__cmdparser_8c.html#148aa3c18794894d8cdd0a88dd04b814" title="kb_parse_command" alt="" coords="509,104,648,128">
<area shape="rect" href="$kb__error_8c.html#72bbee6ffcb1c8be063966d128fe3a0a" title="kb_set_error_handler" alt="" coords="508,152,649,176">
<area shape="rect" href="$kb__error_8c.html#3384c94e5877279d11bed633638184d5" title="kb_verror" alt="" coords="860,30,935,54">
<area shape="rect" href="$kb__error_8c.html#6b59343a29eb6d19b3fd454186e6e5cd" title="kb_vwarning" alt="" coords="532,200,625,224">
<area shape="rect" href="$kb__symbol_8c.html#989ba09ae1d926a9d3eaa411bc9e65bf" title="kb_lookup_symbol" alt="" coords="309,224,437,248">
<area shape="rect" href="$kb__symbol_8c.html#864a00bba783f35eafd2a7e05c8940ab" title="kb_hash" alt="" coords="544,248,613,272">
<area shape="rect" href="$kb__error_8c.html#a621635a59c5b1d2190a0469d00ec263" title="kb_vmsg" alt="" coords="336,272,411,296">
