<area shape="rect" href="$kb__lrf_8h.html" title="kb_lrf.h" alt="" coords="5,156,69,180">
<area shape="rect" href="$kb__gpio_8h.html" title="kb_gpio.h" alt="" coords="93,156,171,180">
<area shape="rect" href="$korebot_8h.html" title="korebot.h" alt="" coords="1684,81,1759,105">
<area shape="rect" href="$kb__init_8h.html" title="kb_init.h" alt="" coords="947,156,1016,180">
<area shape="rect" href="$kb__error_8h.html" title="kb_error.h" alt="" coords="1040,156,1117,180">
<area shape="rect" href="$kb__memory_8h.html" title="kb_memory.h" alt="" coords="1141,156,1240,180">
<area shape="rect" href="$kb__time_8h.html" title="kb_time.h" alt="" coords="1264,156,1341,180">
<area shape="rect" href="$kb__cmdparser_8h.html" title="kb_cmdparser.h" alt="" coords="1365,156,1477,180">
<area shape="rect" href="$kb__symbol_8h.html" title="kb_symbol.h" alt="" coords="1501,156,1597,180">
<area shape="rect" href="$kb__config_8h.html" title="kb_config.h" alt="" coords="1621,156,1709,180">
<area shape="rect" href="$kb__socket_8h.html" title="kb_socket.h" alt="" coords="245,156,336,180">
<area shape="rect" href="$kb__sound_8h.html" title="kb_sound.h" alt="" coords="1733,156,1821,180">
<area shape="rect" href="$kb__wav_8h.html" title="kb_wav.h" alt="" coords="1845,156,1920,180">
<area shape="rect" href="$kb__pwm_8h.html" title="kb_pwm.h" alt="" coords="1944,156,2024,180">
<area shape="rect" href="$kb__khepera3_8h.html" title="kb_khepera3.h" alt="" coords="2149,156,2256,180">
<area shape="rect" href="$knet_8h.html" title="knet.h" alt="" coords="2175,230,2231,254">
<area shape="rect" href="$kb__gripper_8h.html" title="kb_gripper.h" alt="" coords="3245,156,3336,180">
<area shape="rect" href="$kbot_8h.html" title="kbot.h" alt="" coords="2280,156,2336,180">
<area shape="rect" href="$kmot_8h.html" title="kmot.h" alt="" coords="2360,156,2421,180">
<area shape="rect" href="$hem_8h.html" title="hem.h" alt="" coords="2445,156,2501,180">
<area shape="rect" href="$koala_8h.html" title="koala.h" alt="" coords="2525,156,2589,180">
<area shape="rect" href="$koreio_8h.html" title="koreio.h" alt="" coords="2613,156,2680,180">
<area shape="rect" href="$ltc1663_8h.html" title="ltc1663.h" alt="" coords="2704,156,2779,180">
