<area shape="rect" href="$kb__lrf_8c.html#aa3aab830a01148e78616d205f3a6727" title="kb_lrf_AcquireCertifiedCode" alt="" coords="204,6,385,30">
<area shape="rect" href="$kb__lrf_8c.html#f288b36e711aaa3fb11364895f61aae2" title="kb_lrf_CertifyLink" alt="" coords="233,54,356,78">
<area shape="rect" href="$kb__lrf_8c.html#81f96897f66e15067fad9397fe877c58" title="kb_lrf_FetchDistanceFromLRF" alt="" coords="196,102,393,126">
<area shape="rect" href="$kb__lrf_8c.html#8c93a6aa5551e28c478855cf8ed2c749" title="kb_lrf_GenerateCRC" alt="" coords="655,54,793,78">
<area shape="rect" href="$kb__lrf_8c.html#d050d3afcd4abe76d120f5893c0303ca" title="kb_lrf_GetDataFromLRF" alt="" coords="443,54,605,78">
<area shape="rect" href="$kb__lrf_8c.html#912a4127c2f700308c70039d5f9527a2" title="kb_lrf_SendCommand" alt="" coords="449,102,599,126">
<area shape="rect" href="$kb__lrf_8c.html#e6ec60dea86d1d1aaca259b3cc6a0cb6" title="kb_lrf_lsb_to_msb" alt="" coords="843,54,971,78">
<area shape="rect" href="$kb__lrf_8c.html#92b480c3976b2cd1042d807b8772a14b" title="kb_lrf_FlushSerPort" alt="" coords="656,102,792,126">
