<area shape="rect" href="$korebot_8h.html" title="korebot.h" alt="" coords="1735,81,1809,105">
<area shape="rect" href="$kb__gpio_8h.html" title="kb_gpio.h" alt="" coords="3259,156,3336,180">
<area shape="rect" href="$kb__pxa__register_8h.html" title="Include file for low level CPU access." alt="" coords="1884,81,2007,105">
<area shape="rect" href="$kb__init_8h.html" title="kb_init.h" alt="" coords="997,156,1067,180">
<area shape="rect" href="$kb__error_8h.html" title="kb_error.h" alt="" coords="1091,156,1168,180">
<area shape="rect" href="$kb__memory_8h.html" title="kb_memory.h" alt="" coords="1192,156,1291,180">
<area shape="rect" href="$kb__time_8h.html" title="kb_time.h" alt="" coords="1315,156,1392,180">
<area shape="rect" href="$kb__cmdparser_8h.html" title="kb_cmdparser.h" alt="" coords="1416,156,1528,180">
<area shape="rect" href="$kb__symbol_8h.html" title="kb_symbol.h" alt="" coords="1552,156,1648,180">
<area shape="rect" href="$kb__config_8h.html" title="kb_config.h" alt="" coords="1672,156,1760,180">
<area shape="rect" href="$kb__socket_8h.html" title="kb_socket.h" alt="" coords="296,156,387,180">
<area shape="rect" href="$kb__sound_8h.html" title="kb_sound.h" alt="" coords="1784,156,1872,180">
<area shape="rect" href="$kb__wav_8h.html" title="kb_wav.h" alt="" coords="1896,156,1971,180">
<area shape="rect" href="$kb__pwm_8h.html" title="kb_pwm.h" alt="" coords="1995,156,2075,180">
<area shape="rect" href="$kb__lrf_8h.html" title="kb_lrf.h" alt="" coords="2099,156,2163,180">
<area shape="rect" href="$kb__khepera3_8h.html" title="kb_khepera3.h" alt="" coords="2237,156,2344,180">
<area shape="rect" href="$knet_8h.html" title="knet.h" alt="" coords="2263,230,2319,254">
<area shape="rect" href="$kb__gripper_8h.html" title="kb_gripper.h" alt="" coords="2368,156,2459,180">
<area shape="rect" href="$kbot_8h.html" title="kbot.h" alt="" coords="2483,156,2539,180">
<area shape="rect" href="$kmot_8h.html" title="kmot.h" alt="" coords="2563,156,2624,180">
<area shape="rect" href="$hem_8h.html" title="hem.h" alt="" coords="2648,156,2704,180">
<area shape="rect" href="$koala_8h.html" title="koala.h" alt="" coords="2728,156,2792,180">
<area shape="rect" href="$koreio_8h.html" title="koreio.h" alt="" coords="2816,156,2883,180">
<area shape="rect" href="$ltc1663_8h.html" title="ltc1663.h" alt="" coords="2907,156,2981,180">
