<area shape="rect" href="$kb__config_8c.html#2992e68691eb7ec02bbf2c2728b5b969" title="kb_enum_device" alt="" coords="152,5,272,29">
<area shape="rect" href="$kb__config_8c.html#7e7f72cccd4c5e11678e04eb9295fac0" title="kb_enum_register" alt="" coords="151,53,273,77">
<area shape="rect" href="$kb__error_8c.html#4e87b68cbeda7d5b4f3f17db17edb320" title="kb_msg" alt="" coords="355,152,421,176">
<area shape="rect" href="$kb__config__test_8c.html#8dac77c705b6a0c837c0f6f5913a560b" title="print_device" alt="" coords="167,152,257,176">
<area shape="rect" href="$kb__config__test_8c.html#4affade225a730e4a845a0b9b5b87b79" title="print_register" alt="" coords="164,200,260,224">
<area shape="rect" href="$kb__symbol_8c.html#989ba09ae1d926a9d3eaa411bc9e65bf" title="kb_lookup_symbol" alt="" coords="324,29,452,53">
<area shape="rect" href="$kb__symbol_8c.html#864a00bba783f35eafd2a7e05c8940ab" title="kb_hash" alt="" coords="504,29,573,53">
<area shape="rect" href="$kb__error_8c.html#a621635a59c5b1d2190a0469d00ec263" title="kb_vmsg" alt="" coords="501,152,576,176">
