<area shape="rect" href="$korebot_8h.html" title="korebot.h" alt="" coords="1253,82,1328,106">
<area shape="rect" href="$kb__lrf_8c.html" title="This module provides useful basic facilities to use the KoreBot with the LedRangeFinder..." alt="" coords="5,156,69,180">
<area shape="rect" href="$hem_8c.html" title="This module provides useful basic facilities to use a Hemisson Robot from KoreBot..." alt="" coords="93,156,149,180">
<area shape="rect" href="$kb__cmdparser_8c.html" title="This module provides basic command parsing facilities." alt="" coords="173,156,285,180">
<area shape="rect" href="$kb__config_8c.html" title="This module reads, parses and store the information contained in the configuration..." alt="" coords="309,156,397,180">
<area shape="rect" href="$kb__error_8c.html" title="This module provides basic error and message handling." alt="" coords="421,156,499,180">
<area shape="rect" href="$kb__gpio_8c.html" title="This module provides useful basic facilities to use the KoreBot GPIO and configure..." alt="" coords="523,156,600,180">
<area shape="rect" href="$kb__gripper_8c.html" title="kb_gripper.c" alt="" coords="624,156,715,180">
<area shape="rect" href="$kb__init_8c.html" title="kb_init.c" alt="" coords="739,156,808,180">
<area shape="rect" href="$kb__khepera3_8c.html" title="kb_khepera3.c" alt="" coords="832,156,939,180">
<area shape="rect" href="$kb__memory_8c.html" title="kb_memory.c" alt="" coords="963,156,1061,180">
<area shape="rect" href="$kb__pwm_8c.html" title="This module provides useful basic facilities to use the KoreBot PWM and configure..." alt="" coords="1085,156,1165,180">
<area shape="rect" href="$kb__socket_8c.html" title="kb_socket.c" alt="" coords="1189,156,1280,180">
<area shape="rect" href="$kb__sound_8c.html" title="kb_sound.c" alt="" coords="1304,156,1392,180">
<area shape="rect" href="$kb__symbol_8c.html" title="This module provides primitive to handle symbol table." alt="" coords="1416,156,1512,180">
<area shape="rect" href="$kb__time_8c.html" title="This module provides a basic time function." alt="" coords="1536,156,1613,180">
<area shape="rect" href="$kb__wav_8c.html" title="This module provides functions to read, write and playback wav data from/to a wav..." alt="" coords="1637,156,1712,180">
<area shape="rect" href="$kbot_8c.html" title="This module contains all support for the KoreBot board." alt="" coords="1736,156,1792,180">
<area shape="rect" href="$kmot_8c.html" title="This module provides useful basic facilities to use a KoreMotor." alt="" coords="1816,156,1877,180">
<area shape="rect" href="$knet_8c.html" title="This module is an abstraction layer for communication with different busses and devices..." alt="" coords="1901,156,1957,180">
<area shape="rect" href="$knet__i2c_8c.html" title="This module is the low&#45;level communication layer between the KoreBot Library and..." alt="" coords="1981,156,2061,180">
<area shape="rect" href="$knet__rs232_8c.html" title="This module is the low&#45;level communication layer between the KoreBot Library and..." alt="" coords="2085,156,2181,180">
<area shape="rect" href="$koala_8c.html" title="This module provides useful basic facilities to use a Hemisson Robot from KoreBot..." alt="" coords="2205,156,2269,180">
<area shape="rect" href="$koreio_8c.html" title="This module provides useful API to use a KoreIO from a KoreBot program." alt="" coords="2293,156,2360,180">
<area shape="rect" href="$ltc1663_8c.html" title="This module provides the primitve to send command to an LTC1663 DAC device connected..." alt="" coords="2384,156,2459,180">
<area shape="rect" href="$pcf8574_8c.html" title="This module provides all the primitives to read and write data to/from a PCF8574..." alt="" coords="2483,156,2560,180">
