<area shape="rect" href="$gpio__test_8c.html#c9f02fb0114292a308e093f0d9f8aa30" title="ctrlc_handler" alt="" coords="133,5,229,29">
<area shape="rect" href="$kb__init_8c.html#df1ca4007100c026fae148afe3e4b6f2" title="kb_init" alt="" coords="152,255,211,279">
<area shape="rect" href="$kb__cmdparser_8c.html#148aa3c18794894d8cdd0a88dd04b814" title="kb_parse_command" alt="" coords="768,91,907,115">
<area shape="rect" href="$kb__error_8c.html#4e87b68cbeda7d5b4f3f17db17edb320" title="kb_msg" alt="" coords="375,308,441,332">
<area shape="rect" href="$kb__error_8c.html#a37d3cf5b9b4e8a961c0f7a405664cc6" title="kb_set_debug_level" alt="" coords="340,356,476,380">
<area shape="rect" href="$kmot_8c.html#3572cbe8194aa03505c14c18af4257cf" title="kmot_ConfigurePID" alt="" coords="115,452,248,476">
<area shape="rect" href="$kmot_8c.html#cbf6960f35fee4209643a426b333470d" title="kmot_GetFWVersion" alt="" coords="111,980,252,1004">
<area shape="rect" href="$kmot_8c.html#088875a24e27c208ae36e1d8ebeb3b02" title="kmot_ResetError" alt="" coords="121,788,241,812">
<area shape="rect" href="$kmot_8c.html#c0aa7b1cc7f7d27ab59ccabaf99f6cdc" title="kmot_SetBlockedTime" alt="" coords="105,596,257,620">
<area shape="rect" href="$kmot_8c.html#640f712ee3c3f98595253900a8307bf4" title="kmot_SetLimits" alt="" coords="125,404,237,428">
<area shape="rect" href="$kmot_8c.html#29f05e1f99a020b2843f105e854f213d" title="kmot_SetMargin" alt="" coords="124,644,239,668">
<area shape="rect" href="$kmot_8c.html#ec0c9179543605623c7c3625bf39abb5" title="kmot_SetMode" alt="" coords="127,692,236,716">
<area shape="rect" href="$kmot_8c.html#09acf0f6551f3ce2d0e1e004c6d93a78" title="kmot_SetOptions" alt="" coords="120,740,243,764">
<area shape="rect" href="$kmot_8c.html#69b8a5df8c8184690cf1fa3808331ad3" title="kmot_SetSampleTime" alt="" coords="107,548,256,572">
<area shape="rect" href="$kmot_8c.html#5925cb8ca0bd09bfe6f7fcc0db0f5751" title="kmot_SetSpeedProfile" alt="" coords="105,500,257,524">
<area shape="rect" href="$knet_8c.html#371a54cbf292fc68e40486b17fbb7011" title="knet_close" alt="" coords="140,1028,223,1052">
<area shape="rect" href="$knet_8c.html#1f14944a5e24a6d2c055252191c52155" title="knet_open" alt="" coords="141,53,221,77">
<area shape="rect" href="$kgripper__test_8c.html#bc9e348a7a7fb4c413679ef7ee4a4ead" title="status" alt="" coords="153,932,209,956">
<area shape="rect" href="$kb__config_8c.html#37d877a60e61f05a022144e615073a24" title="kb_config_init" alt="" coords="357,164,459,188">
<area shape="rect" href="$kb__init_8c.html#eb3ec73ea4f99817d924627a37f9944e" title="kb_exit" alt="" coords="376,260,440,284">
<area shape="rect" href="$knet_8c.html#0d154ed55cb062a5e5bb57d8092b1f05" title="knet_init" alt="" coords="373,212,443,236">
<area shape="rect" href="$kb__symbol_8c.html#585b69e2d195df5cd53c58d57b6453d2" title="kb_create_symbol_table" alt="" coords="557,128,720,152">
<area shape="rect" href="$kb__config_8c.html#eae8d52f8fbbb3f6f4f4b6c2fc39aaf0" title="kb_parse_config_file" alt="" coords="569,176,708,200">
<area shape="rect" href="$kb__error_8c.html#0f83c793a43fabfda5685be6bc7615f2" title="kb_warning" alt="" coords="596,224,681,248">
<area shape="rect" href="$kb__error_8c.html#9cb11fb40aba13d25f44b89cc71f5e67" title="kb_error" alt="" coords="956,91,1023,115">
<area shape="rect" href="$kb__config_8c.html#926246be81a30dc96c00c5894ee89eda" title="kb_config_exit" alt="" coords="587,272,691,296">
<area shape="rect" href="$kb__error_8c.html#a621635a59c5b1d2190a0469d00ec263" title="kb_vmsg" alt="" coords="601,320,676,344">
<area shape="rect" href="$knet_8c.html#598780b62adade010f48342fdd2feefb" title="knet_set_order" alt="" coords="355,500,461,524">
<area shape="rect" href="$knet_8c.html#c9175d7244c00278b58b83398e6cbec3" title="knet_write16" alt="" coords="361,452,455,476">
<area shape="rect" href="$knet_8c.html#d5d0333b6dd8438307e51850a7af26be" title="knet_read8" alt="" coords="596,1172,681,1196">
<area shape="rect" href="$knet_8c.html#dc6fa8c32875470f89a4a4c6aa60b503" title="knet_write8" alt="" coords="364,572,452,596">
<area shape="rect" href="$knet_8c.html#3a92cbf71c673423ef324c9190f932cd" title="knet_write32" alt="" coords="361,404,455,428">
<area shape="rect" href="$kb__config_8c.html#0b27917fe2598af359acfa8feb9cf919" title="kb_lookup_device" alt="" coords="345,53,471,77">
<area shape="rect" href="$kb__gripper_8c.html#b8059a23067d79f9f24ac325f51b4425" title="kgripper_Arm_Get_Capacity" alt="" coords="316,1292,500,1316">
<area shape="rect" href="$kb__gripper_8c.html#22afd5309580d5b6c0980708876ebe7c" title="kgripper_Arm_Get_Current" alt="" coords="320,668,496,692">
<area shape="rect" href="$kb__gripper_8c.html#6a70b3691dd9f9df784bbd0ae6063a2e" title="kgripper_Arm_Get_Limits" alt="" coords="324,716,492,740">
<area shape="rect" href="$kb__gripper_8c.html#68342e68dd5c1a20fa1b4b6aaf2375aa" title="kgripper_Arm_Get_Max_Speed" alt="" coords="307,1340,509,1364">
<area shape="rect" href="$kb__gripper_8c.html#2932ee3898b91b7ed7618f731d8ed834" title="kgripper_Arm_Get_Order" alt="" coords="325,764,491,788">
<area shape="rect" href="$kb__gripper_8c.html#9c246a62a0c0c42c2768b773b6325e3d" title="kgripper_Arm_Get_Position" alt="" coords="319,812,497,836">
<area shape="rect" href="$kb__gripper_8c.html#09034eda465056d138b6a2dad15e6d7a" title="kgripper_Arm_Get_Speed" alt="" coords="323,620,493,644">
<area shape="rect" href="$kb__gripper_8c.html#05c5c4d3a3bc266539db451b692357a3" title="kgripper_Arm_Get_Voltage" alt="" coords="320,860,496,884">
<area shape="rect" href="$kb__gripper_8c.html#bca79c8b2c59f119be52fdcd70ac458b" title="kgripper_Arm_OnTarget" alt="" coords="329,1004,487,1028">
<area shape="rect" href="$kb__gripper_8c.html#78586bd8db4dd817a82a823fe68242d2" title="kgripper_Gripper_Get_Current" alt="" coords="312,908,504,932">
<area shape="rect" href="$kb__gripper_8c.html#a4b83cfadcb55722b159745a78d4db28" title="kgripper_Gripper_Get_Limits" alt="" coords="315,1052,501,1076">
<area shape="rect" href="$kb__gripper_8c.html#4708ffb6241e065e716c66ea605ba7c4" title="kgripper_Gripper_Get_Order" alt="" coords="316,1100,500,1124">
<area shape="rect" href="$kb__gripper_8c.html#800525e4e793235cac56f546d87ea084" title="kgripper_Gripper_Get_Position" alt="" coords="309,1148,507,1172">
<area shape="rect" href="$kb__gripper_8c.html#e2fb6852012689a70755b7e5435d7b55" title="kgripper_Gripper_Get_Speed" alt="" coords="315,1196,501,1220">
<area shape="rect" href="$kb__gripper_8c.html#ceaea4ed0608e8de918f6fc625009bca" title="kgripper_Gripper_Get_Torque" alt="" coords="313,956,503,980">
<area shape="rect" href="$kb__gripper_8c.html#61758a65903f1ac6e19bd4ad758df47c" title="kgripper_Gripper_OnTarget" alt="" coords="320,1244,496,1268">
