<area shape="rect" href="$kb__gripper_8c.html#6a70b3691dd9f9df784bbd0ae6063a2e" title="kgripper_Arm_Get_Limits" alt="" coords="172,6,340,30">
<area shape="rect" href="$kb__gripper_8c.html#7af459f37040a33b939957f53e53e7c9" title="kgripper_Arm_Get_Search_Limit" alt="" coords="152,54,360,78">
<area shape="rect" href="$kb__gripper_8c.html#25f5e03ad1f244f89c1312e95511d417" title="kgripper_Arm_Set_Search_Limit" alt="" coords="152,198,360,222">
<area shape="rect" href="$kb__gripper_8c.html#a4b83cfadcb55722b159745a78d4db28" title="kgripper_Gripper_Get_Limits" alt="" coords="163,102,349,126">
<area shape="rect" href="$kb__gripper_8c.html#ff1e64dc88286b61c42ff362b3413b74" title="kgripper_Gripper_Get_Search_Limit" alt="" coords="143,150,369,174">
<area shape="rect" href="$kb__gripper_8c.html#cb065f76589422c561d01c592e459375" title="kgripper_GripperSet_Search_Limit" alt="" coords="147,246,365,270">
<area shape="rect" href="$knet_8c.html#b1b2716718bfa0fa4f44c3ba1f0961b4" title="knet_read16" alt="" coords="420,18,511,42">
<area shape="rect" href="$knet_8c.html#92df29c6cbda9a8b70febbf726148dc6" title="knet_lltransfer" alt="" coords="560,54,664,78">
<area shape="rect" href="$knet_8c.html#d5d0333b6dd8438307e51850a7af26be" title="knet_read8" alt="" coords="423,90,508,114">
<area shape="rect" href="$knet_8c.html#dc6fa8c32875470f89a4a4c6aa60b503" title="knet_write8" alt="" coords="421,222,509,246">
<area shape="rect" href="$knet_8c.html#8c383097f8fef553088f53e073b4c9e1" title="knet_llwrite" alt="" coords="569,222,655,246">
