<area shape="rect" href="$kmot_8c.html#3d602b97e1d16d7ea91d55924d63ce8b" title="kmot_GetMeasure" alt="" coords="360,54,488,78">
<area shape="rect" href="$kb__socket_8c.html#5c3bae414ded845ac60780a2a6118691" title="ksock_send_answer" alt="" coords="172,126,311,150">
<area shape="rect" href="$kmot__test_8c.html#b9a9ed6d1ae65e7ea5815f73a2f5c781" title="measure" alt="" coords="205,78,277,102">
<area shape="rect" href="$knet_8c.html#b1b2716718bfa0fa4f44c3ba1f0961b4" title="knet_read16" alt="" coords="545,6,636,30">
<area shape="rect" href="$knet_8c.html#44208ab588a0e926659f4877fc87a714" title="knet_read32" alt="" coords="545,54,636,78">
<area shape="rect" href="$knet_8c.html#598780b62adade010f48342fdd2feefb" title="knet_set_order" alt="" coords="537,102,644,126">
<area shape="rect" href="$knet_8c.html#92df29c6cbda9a8b70febbf726148dc6" title="knet_lltransfer" alt="" coords="693,30,797,54">
<area shape="rect" href="$kb__socket_8c.html#2b538227cf83afa6aedb5735f26c25c7" title="DieWithError" alt="" coords="377,126,471,150">
