<area shape="rect" href="$kmot_8c.html#4a83e11a094019bc6292a1db2f6054ba" title="kmot_GetStatus" alt="" coords="113,186,228,210">
<area shape="rect" href="$kgripper__test_8c.html#bc9e348a7a7fb4c413679ef7ee4a4ead" title="status" alt="" coords="143,402,199,426">
<area shape="rect" href="$knet_8c.html#d5d0333b6dd8438307e51850a7af26be" title="knet_read8" alt="" coords="532,258,617,282">
<area shape="rect" href="$knet_8c.html#92df29c6cbda9a8b70febbf726148dc6" title="knet_lltransfer" alt="" coords="669,426,773,450">
<area shape="rect" href="$kb__gripper_8c.html#b8059a23067d79f9f24ac325f51b4425" title="kgripper_Arm_Get_Capacity" alt="" coords="287,66,471,90">
<area shape="rect" href="$kb__gripper_8c.html#22afd5309580d5b6c0980708876ebe7c" title="kgripper_Arm_Get_Current" alt="" coords="291,498,467,522">
<area shape="rect" href="$kb__gripper_8c.html#6a70b3691dd9f9df784bbd0ae6063a2e" title="kgripper_Arm_Get_Limits" alt="" coords="295,546,463,570">
<area shape="rect" href="$kb__gripper_8c.html#68342e68dd5c1a20fa1b4b6aaf2375aa" title="kgripper_Arm_Get_Max_Speed" alt="" coords="277,114,480,138">
<area shape="rect" href="$kb__gripper_8c.html#2932ee3898b91b7ed7618f731d8ed834" title="kgripper_Arm_Get_Order" alt="" coords="296,594,461,618">
<area shape="rect" href="$kb__gripper_8c.html#9c246a62a0c0c42c2768b773b6325e3d" title="kgripper_Arm_Get_Position" alt="" coords="289,642,468,666">
<area shape="rect" href="$kb__gripper_8c.html#09034eda465056d138b6a2dad15e6d7a" title="kgripper_Arm_Get_Speed" alt="" coords="293,162,464,186">
<area shape="rect" href="$kb__gripper_8c.html#05c5c4d3a3bc266539db451b692357a3" title="kgripper_Arm_Get_Voltage" alt="" coords="291,690,467,714">
<area shape="rect" href="$kb__gripper_8c.html#bca79c8b2c59f119be52fdcd70ac458b" title="kgripper_Arm_OnTarget" alt="" coords="300,210,457,234">
<area shape="rect" href="$kb__gripper_8c.html#78586bd8db4dd817a82a823fe68242d2" title="kgripper_Gripper_Get_Current" alt="" coords="283,738,475,762">
<area shape="rect" href="$kb__gripper_8c.html#a4b83cfadcb55722b159745a78d4db28" title="kgripper_Gripper_Get_Limits" alt="" coords="285,258,472,282">
<area shape="rect" href="$kb__gripper_8c.html#4708ffb6241e065e716c66ea605ba7c4" title="kgripper_Gripper_Get_Order" alt="" coords="287,306,471,330">
<area shape="rect" href="$kb__gripper_8c.html#800525e4e793235cac56f546d87ea084" title="kgripper_Gripper_Get_Position" alt="" coords="280,354,477,378">
<area shape="rect" href="$kb__gripper_8c.html#e2fb6852012689a70755b7e5435d7b55" title="kgripper_Gripper_Get_Speed" alt="" coords="285,402,472,426">
<area shape="rect" href="$kb__gripper_8c.html#ceaea4ed0608e8de918f6fc625009bca" title="kgripper_Gripper_Get_Torque" alt="" coords="284,786,473,810">
<area shape="rect" href="$kb__gripper_8c.html#61758a65903f1ac6e19bd4ad758df47c" title="kgripper_Gripper_OnTarget" alt="" coords="291,450,467,474">
<area shape="rect" href="$knet_8c.html#b1b2716718bfa0fa4f44c3ba1f0961b4" title="knet_read16" alt="" coords="529,618,620,642">
