<area shape="rect" href="$kb__socket_8c.html#2b538227cf83afa6aedb5735f26c25c7" title="DieWithError" alt="" coords="577,732,671,756">
<area shape="rect" href="$kb__init_8c.html#df1ca4007100c026fae148afe3e4b6f2" title="kb_init" alt="" coords="155,1173,213,1197">
<area shape="rect" href="$kb__error_8c.html#a37d3cf5b9b4e8a961c0f7a405664cc6" title="kb_set_debug_level" alt="" coords="324,1365,460,1389">
<area shape="rect" href="$kmot_8c.html#cbf6960f35fee4209643a426b333470d" title="kmot_GetFWVersion" alt="" coords="321,832,463,856">
<area shape="rect" href="$kmot__ipserver_8c.html#eb7a7e74ac62cf47c6448cba4c2e6b05" title="kmot_ipConfigPID" alt="" coords="121,392,247,416">
<area shape="rect" href="$kmot__ipserver_8c.html#55ec5039f6e6d09b9ea9301633857103" title="kmot_ipFirmware" alt="" coords="124,778,244,802">
<area shape="rect" href="$kmot__ipserver_8c.html#efee70b299e8cc951cba9a7035ed4316" title="kmot_ipInitMotor" alt="" coords="125,245,243,269">
<area shape="rect" href="$kmot__ipserver_8c.html#a089208ba8644361e8c592dbf9575b13" title="kmot_ipMeasure" alt="" coords="125,488,243,512">
<area shape="rect" href="$kmot__ipserver_8c.html#4694f087cc69d5d7f31356fb72b6c2ee" title="kmot_ipResetError" alt="" coords="120,440,248,464">
<area shape="rect" href="$kmot__ipserver_8c.html#6199d23dfd07a575c74cac030905021c" title="kmot_ipSetPointSource" alt="" coords="105,586,263,610">
<area shape="rect" href="$kmot__ipserver_8c.html#098762f377f3744e39dcda90464d367e" title="kmot_ipSetPos" alt="" coords="129,682,239,706">
<area shape="rect" href="$kmot__ipserver_8c.html#b8a633bc2dd4f51cd2d2e822e105e2ec" title="kmot_ipSetSpeed" alt="" coords="123,634,245,658">
<area shape="rect" href="$kmot__ipserver_8c.html#a2c0d9b91549489e470e976046e86915" title="kmot_ipStatus" alt="" coords="132,925,236,949">
<area shape="rect" href="$knet_8c.html#1f14944a5e24a6d2c055252191c52155" title="knet_open" alt="" coords="144,1025,224,1049">
<area shape="rect" href="$kb__socket_8c.html#a7562cd86a7003ec86223762986cc286" title="ksock_add_command" alt="" coords="111,1272,257,1296">
<area shape="rect" href="$kb__socket_8c.html#50b1699aa79204ca924184ed0cae9eb6" title="ksock_exec_command_pending" alt="" coords="520,1124,728,1148">
<area shape="rect" href="$kb__socket_8c.html#baadd2fe326d38bbb98a9521e1a29226" title="ksock_get_command" alt="" coords="112,730,256,754">
<area shape="rect" href="$kb__socket_8c.html#27050edac9941f2cf5b7c3c52ba697fe" title="ksock_init" alt="" coords="144,1320,224,1344">
<area shape="rect" href="$kb__socket_8c.html#2850ce8f7c3e0956de8e706fed1a5922" title="ksock_next_connection" alt="" coords="313,976,471,1000">
<area shape="rect" href="$kb__socket_8c.html#eb825bdaacce848699d2334999014012" title="ksock_server_open" alt="" coords="117,826,251,850">
<area shape="rect" href="$kb__socket_8c.html#89ac6441aca22dbf93fe15910eacec95" title="list_command" alt="" coords="133,1368,235,1392">
<area shape="rect" href="$kb__config_8c.html#37d877a60e61f05a022144e615073a24" title="kb_config_init" alt="" coords="341,1269,443,1293">
<area shape="rect" href="$kb__init_8c.html#eb3ec73ea4f99817d924627a37f9944e" title="kb_exit" alt="" coords="360,1221,424,1245">
<area shape="rect" href="$kb__error_8c.html#4e87b68cbeda7d5b4f3f17db17edb320" title="kb_msg" alt="" coords="359,1317,425,1341">
<area shape="rect" href="$knet_8c.html#0d154ed55cb062a5e5bb57d8092b1f05" title="knet_init" alt="" coords="357,1173,427,1197">
<area shape="rect" href="$kb__symbol_8c.html#585b69e2d195df5cd53c58d57b6453d2" title="kb_create_symbol_table" alt="" coords="543,1268,705,1292">
<area shape="rect" href="$kb__config_8c.html#eae8d52f8fbbb3f6f4f4b6c2fc39aaf0" title="kb_parse_config_file" alt="" coords="555,1316,693,1340">
<area shape="rect" href="$kb__error_8c.html#0f83c793a43fabfda5685be6bc7615f2" title="kb_warning" alt="" coords="581,1172,667,1196">
<area shape="rect" href="$kb__error_8c.html#9cb11fb40aba13d25f44b89cc71f5e67" title="kb_error" alt="" coords="964,1194,1031,1218">
<area shape="rect" href="$kb__cmdparser_8c.html#148aa3c18794894d8cdd0a88dd04b814" title="kb_parse_command" alt="" coords="776,1194,915,1218">
<area shape="rect" href="$kb__config_8c.html#926246be81a30dc96c00c5894ee89eda" title="kb_config_exit" alt="" coords="572,1220,676,1244">
<area shape="rect" href="$knet_8c.html#d5d0333b6dd8438307e51850a7af26be" title="knet_read8" alt="" coords="581,856,667,880">
<area shape="rect" href="$kmot_8c.html#3572cbe8194aa03505c14c18af4257cf" title="kmot_ConfigurePID" alt="" coords="325,341,459,365">
<area shape="rect" href="$kb__socket_8c.html#5c3bae414ded845ac60780a2a6118691" title="ksock_send_answer" alt="" coords="323,634,461,658">
<area shape="rect" href="$kmot_8c.html#088875a24e27c208ae36e1d8ebeb3b02" title="kmot_ResetError" alt="" coords="332,389,452,413">
<area shape="rect" href="$kmot_8c.html#c0aa7b1cc7f7d27ab59ccabaf99f6cdc" title="kmot_SetBlockedTime" alt="" coords="316,149,468,173">
<area shape="rect" href="$kmot_8c.html#640f712ee3c3f98595253900a8307bf4" title="kmot_SetLimits" alt="" coords="336,197,448,221">
<area shape="rect" href="$kmot_8c.html#29f05e1f99a020b2843f105e854f213d" title="kmot_SetMargin" alt="" coords="335,245,449,269">
<area shape="rect" href="$kmot_8c.html#ec0c9179543605623c7c3625bf39abb5" title="kmot_SetMode" alt="" coords="337,293,447,317">
<area shape="rect" href="$kmot_8c.html#09acf0f6551f3ce2d0e1e004c6d93a78" title="kmot_SetOptions" alt="" coords="331,5,453,29">
<area shape="rect" href="$kmot_8c.html#69b8a5df8c8184690cf1fa3808331ad3" title="kmot_SetSampleTime" alt="" coords="317,53,467,77">
<area shape="rect" href="$kmot_8c.html#5925cb8ca0bd09bfe6f7fcc0db0f5751" title="kmot_SetSpeedProfile" alt="" coords="316,101,468,125">
<area shape="rect" href="$kmot_8c.html#3d602b97e1d16d7ea91d55924d63ce8b" title="kmot_GetMeasure" alt="" coords="560,462,688,486">
<area shape="rect" href="$kmot__test_8c.html#b9a9ed6d1ae65e7ea5815f73a2f5c781" title="measure" alt="" coords="356,437,428,461">
<area shape="rect" href="$kmot_8c.html#2769c44a61df23ac2431ff42b3d310ac" title="kmot_SetPointSource" alt="" coords="319,586,465,610">
<area shape="rect" href="$kmot_8c.html#5b523ed785415485c769a4d96c461bd8" title="kmot_SetPoint" alt="" coords="339,682,445,706">
<area shape="rect" href="$kmot_8c.html#4a83e11a094019bc6292a1db2f6054ba" title="kmot_GetStatus" alt="" coords="335,880,449,904">
<area shape="rect" href="$kgripper__test_8c.html#bc9e348a7a7fb4c413679ef7ee4a4ead" title="status" alt="" coords="364,928,420,952">
<area shape="rect" href="$kb__config_8c.html#0b27917fe2598af359acfa8feb9cf919" title="kb_lookup_device" alt="" coords="329,1074,455,1098">
