<area shape="rect" href="$gpio__test_8c.html#c9f02fb0114292a308e093f0d9f8aa30" title="ctrlc_handler" alt="" coords="127,103,223,127">
<area shape="rect" href="$kb__init_8c.html#df1ca4007100c026fae148afe3e4b6f2" title="kb_init" alt="" coords="145,348,204,372">
<area shape="rect" href="$kb__cmdparser_8c.html#148aa3c18794894d8cdd0a88dd04b814" title="kb_parse_command" alt="" coords="771,203,909,227">
<area shape="rect" href="$kb__error_8c.html#4e87b68cbeda7d5b4f3f17db17edb320" title="kb_msg" alt="" coords="361,444,428,468">
<area shape="rect" href="$kb__error_8c.html#a37d3cf5b9b4e8a961c0f7a405664cc6" title="kb_set_debug_level" alt="" coords="327,396,463,420">
<area shape="rect" href="$kmot_8c.html#cbf6960f35fee4209643a426b333470d" title="kmot_GetFWVersion" alt="" coords="104,951,245,975">
<area shape="rect" href="$knet_8c.html#371a54cbf292fc68e40486b17fbb7011" title="knet_close" alt="" coords="133,999,216,1023">
<area shape="rect" href="$knet_8c.html#1f14944a5e24a6d2c055252191c52155" title="knet_open" alt="" coords="135,498,215,522">
<area shape="rect" href="$kgripper__test_8c.html#bc9e348a7a7fb4c413679ef7ee4a4ead" title="status" alt="" coords="147,903,203,927">
<area shape="rect" href="$kb__config_8c.html#37d877a60e61f05a022144e615073a24" title="kb_config_init" alt="" coords="344,79,445,103">
<area shape="rect" href="$kb__init_8c.html#eb3ec73ea4f99817d924627a37f9944e" title="kb_exit" alt="" coords="363,348,427,372">
<area shape="rect" href="$knet_8c.html#0d154ed55cb062a5e5bb57d8092b1f05" title="knet_init" alt="" coords="360,274,429,298">
<area shape="rect" href="$kb__symbol_8c.html#585b69e2d195df5cd53c58d57b6453d2" title="kb_create_symbol_table" alt="" coords="544,103,707,127">
<area shape="rect" href="$kb__config_8c.html#eae8d52f8fbbb3f6f4f4b6c2fc39aaf0" title="kb_parse_config_file" alt="" coords="556,55,695,79">
<area shape="rect" href="$kb__error_8c.html#0f83c793a43fabfda5685be6bc7615f2" title="kb_warning" alt="" coords="583,6,668,30">
<area shape="rect" href="$kb__config_8c.html#8cce096c96023cdf8eb1c086bd2210b5" title="kb_config_error" alt="" coords="975,106,1084,130">
<area shape="rect" href="$kb__error_8c.html#9cb11fb40aba13d25f44b89cc71f5e67" title="kb_error" alt="" coords="996,239,1063,263">
<area shape="rect" href="$kb__error_8c.html#72bbee6ffcb1c8be063966d128fe3a0a" title="kb_set_error_handler" alt="" coords="769,155,911,179">
<area shape="rect" href="$kb__error_8c.html#3384c94e5877279d11bed633638184d5" title="kb_verror" alt="" coords="1135,172,1209,196">
<area shape="rect" href="$kb__error_8c.html#6b59343a29eb6d19b3fd454186e6e5cd" title="kb_vwarning" alt="" coords="793,6,887,30">
<area shape="rect" href="$kb__config_8c.html#926246be81a30dc96c00c5894ee89eda" title="kb_config_exit" alt="" coords="573,396,677,420">
<area shape="rect" href="$knet_8c.html#ff660373e5e81ed592b86c28b33ae782" title="knet_exit" alt="" coords="588,348,663,372">
<area shape="rect" href="$kb__symbol_8c.html#d9f17597993089cfb72ae246d042b8d0" title="kb_destroy_symbol_table" alt="" coords="756,396,924,420">
<area shape="rect" href="$knet_8c.html#6098a17c77691162b2b1f76ec32e8f70" title="knet_device_destroy" alt="" coords="769,323,911,347">
<area shape="rect" href="$kb__error_8c.html#a621635a59c5b1d2190a0469d00ec263" title="kb_vmsg" alt="" coords="588,444,663,468">
<area shape="rect" href="$kb__memory_8c.html#be1cf0dffd093ca034d94486c5366872" title="kb_alloc" alt="" coords="591,202,660,226">
<area shape="rect" href="$knet__i2c_8c.html#6f2f427ea806c923dd1e5032cb8077f0" title="knet_i2c_init" alt="" coords="793,275,887,299">
<area shape="rect" href="$knet__rs232_8c.html#a0a1f0916e57c091179b315122dc7963" title="knet_rs232_init" alt="" coords="571,250,680,274">
<area shape="rect" href="$knet_8c.html#d5d0333b6dd8438307e51850a7af26be" title="knet_read8" alt="" coords="583,1119,668,1143">
<area shape="rect" href="$knet_8c.html#92df29c6cbda9a8b70febbf726148dc6" title="knet_lltransfer" alt="" coords="788,951,892,975">
<area shape="rect" href="$kb__config_8c.html#0b27917fe2598af359acfa8feb9cf919" title="kb_lookup_device" alt="" coords="332,492,457,516">
<area shape="rect" href="$kb__symbol_8c.html#989ba09ae1d926a9d3eaa411bc9e65bf" title="kb_lookup_symbol" alt="" coords="561,492,689,516">
<area shape="rect" href="$kb__gripper_8c.html#b8059a23067d79f9f24ac325f51b4425" title="kgripper_Arm_Get_Capacity" alt="" coords="303,1311,487,1335">
<area shape="rect" href="$kb__gripper_8c.html#22afd5309580d5b6c0980708876ebe7c" title="kgripper_Arm_Get_Current" alt="" coords="307,783,483,807">
<area shape="rect" href="$kb__gripper_8c.html#6a70b3691dd9f9df784bbd0ae6063a2e" title="kgripper_Arm_Get_Limits" alt="" coords="311,831,479,855">
<area shape="rect" href="$kb__gripper_8c.html#68342e68dd5c1a20fa1b4b6aaf2375aa" title="kgripper_Arm_Get_Max_Speed" alt="" coords="293,927,496,951">
<area shape="rect" href="$kb__gripper_8c.html#2932ee3898b91b7ed7618f731d8ed834" title="kgripper_Arm_Get_Order" alt="" coords="312,879,477,903">
<area shape="rect" href="$kb__gripper_8c.html#9c246a62a0c0c42c2768b773b6325e3d" title="kgripper_Arm_Get_Position" alt="" coords="305,591,484,615">
<area shape="rect" href="$kb__gripper_8c.html#09034eda465056d138b6a2dad15e6d7a" title="kgripper_Arm_Get_Speed" alt="" coords="309,975,480,999">
<area shape="rect" href="$kb__gripper_8c.html#05c5c4d3a3bc266539db451b692357a3" title="kgripper_Arm_Get_Voltage" alt="" coords="307,639,483,663">
<area shape="rect" href="$kb__gripper_8c.html#bca79c8b2c59f119be52fdcd70ac458b" title="kgripper_Arm_OnTarget" alt="" coords="316,1023,473,1047">
<area shape="rect" href="$kb__gripper_8c.html#78586bd8db4dd817a82a823fe68242d2" title="kgripper_Gripper_Get_Current" alt="" coords="299,687,491,711">
<area shape="rect" href="$kb__gripper_8c.html#a4b83cfadcb55722b159745a78d4db28" title="kgripper_Gripper_Get_Limits" alt="" coords="301,1071,488,1095">
<area shape="rect" href="$kb__gripper_8c.html#4708ffb6241e065e716c66ea605ba7c4" title="kgripper_Gripper_Get_Order" alt="" coords="303,1119,487,1143">
<area shape="rect" href="$kb__gripper_8c.html#800525e4e793235cac56f546d87ea084" title="kgripper_Gripper_Get_Position" alt="" coords="296,1167,493,1191">
<area shape="rect" href="$kb__gripper_8c.html#e2fb6852012689a70755b7e5435d7b55" title="kgripper_Gripper_Get_Speed" alt="" coords="301,1215,488,1239">
<area shape="rect" href="$kb__gripper_8c.html#ceaea4ed0608e8de918f6fc625009bca" title="kgripper_Gripper_Get_Torque" alt="" coords="300,735,489,759">
<area shape="rect" href="$kb__gripper_8c.html#61758a65903f1ac6e19bd4ad758df47c" title="kgripper_Gripper_OnTarget" alt="" coords="307,1263,483,1287">
<area shape="rect" href="$knet_8c.html#b1b2716718bfa0fa4f44c3ba1f0961b4" title="knet_read16" alt="" coords="580,759,671,783">
