<area shape="rect" href="$kb__khepera3_8h.html" title="kb_khepera3.h" alt="" coords="1204,81,1311,105">
<area shape="rect" href="$korebot_8h.html" title="korebot.h" alt="" coords="1311,156,1385,180">
<area shape="rect" href="$kb__gripper_8h.html" title="kb_gripper.h" alt="" coords="1385,81,1476,105">
<area shape="rect" href="$hem_8c.html" title="This module provides useful basic facilities to use a Hemisson Robot from KoreBot..." alt="" coords="5,230,61,254">
<area shape="rect" href="$kb__cmdparser_8c.html" title="This module provides basic command parsing facilities." alt="" coords="85,230,197,254">
<area shape="rect" href="$kb__config_8c.html" title="This module reads, parses and store the information contained in the configuration..." alt="" coords="221,230,309,254">
<area shape="rect" href="$kb__error_8c.html" title="This module provides basic error and message handling." alt="" coords="333,230,411,254">
<area shape="rect" href="$kb__gpio_8c.html" title="This module provides useful basic facilities to use the KoreBot GPIO and configure..." alt="" coords="435,230,512,254">
<area shape="rect" href="$kb__gripper_8c.html" title="kb_gripper.c" alt="" coords="536,230,627,254">
<area shape="rect" href="$kb__init_8c.html" title="kb_init.c" alt="" coords="651,230,720,254">
<area shape="rect" href="$kb__khepera3_8c.html" title="kb_khepera3.c" alt="" coords="744,230,851,254">
<area shape="rect" href="$kb__lrf_8c.html" title="This module provides useful basic facilities to use the KoreBot with the LedRangeFinder..." alt="" coords="875,230,939,254">
<area shape="rect" href="$kb__memory_8c.html" title="kb_memory.c" alt="" coords="963,230,1061,254">
<area shape="rect" href="$kb__pwm_8c.html" title="This module provides useful basic facilities to use the KoreBot PWM and configure..." alt="" coords="1085,230,1165,254">
<area shape="rect" href="$kb__socket_8c.html" title="kb_socket.c" alt="" coords="1189,230,1280,254">
<area shape="rect" href="$kb__sound_8c.html" title="kb_sound.c" alt="" coords="1304,230,1392,254">
<area shape="rect" href="$kb__symbol_8c.html" title="This module provides primitive to handle symbol table." alt="" coords="1416,230,1512,254">
<area shape="rect" href="$kb__time_8c.html" title="This module provides a basic time function." alt="" coords="1536,230,1613,254">
<area shape="rect" href="$kb__wav_8c.html" title="This module provides functions to read, write and playback wav data from/to a wav..." alt="" coords="1637,230,1712,254">
<area shape="rect" href="$kbot_8c.html" title="This module contains all support for the KoreBot board." alt="" coords="1736,230,1792,254">
<area shape="rect" href="$kmot_8c.html" title="This module provides useful basic facilities to use a KoreMotor." alt="" coords="1816,230,1877,254">
<area shape="rect" href="$knet_8c.html" title="This module is an abstraction layer for communication with different busses and devices..." alt="" coords="1901,230,1957,254">
<area shape="rect" href="$knet__i2c_8c.html" title="This module is the low&#45;level communication layer between the KoreBot Library and..." alt="" coords="1981,230,2061,254">
<area shape="rect" href="$knet__rs232_8c.html" title="This module is the low&#45;level communication layer between the KoreBot Library and..." alt="" coords="2085,230,2181,254">
<area shape="rect" href="$koala_8c.html" title="This module provides useful basic facilities to use a Hemisson Robot from KoreBot..." alt="" coords="2205,230,2269,254">
<area shape="rect" href="$koreio_8c.html" title="This module provides useful API to use a KoreIO from a KoreBot program." alt="" coords="2293,230,2360,254">
<area shape="rect" href="$ltc1663_8c.html" title="This module provides the primitve to send command to an LTC1663 DAC device connected..." alt="" coords="2384,230,2459,254">
<area shape="rect" href="$pcf8574_8c.html" title="This module provides all the primitives to read and write data to/from a PCF8574..." alt="" coords="2483,230,2560,254">
