<area shape="rect" href="$korebot_8h.html" title="korebot.h" alt="" coords="1607,81,1681,105">
<area shape="rect" href="$knet__rs232_8h.html" title="knet_rs232.h" alt="" coords="1705,81,1801,105">
<area shape="rect" href="$kb__init_8h.html" title="kb_init.h" alt="" coords="925,156,995,180">
<area shape="rect" href="$kb__error_8h.html" title="kb_error.h" alt="" coords="1019,156,1096,180">
<area shape="rect" href="$kb__memory_8h.html" title="kb_memory.h" alt="" coords="1120,156,1219,180">
<area shape="rect" href="$kb__time_8h.html" title="kb_time.h" alt="" coords="1243,156,1320,180">
<area shape="rect" href="$kb__cmdparser_8h.html" title="kb_cmdparser.h" alt="" coords="1344,156,1456,180">
<area shape="rect" href="$kb__symbol_8h.html" title="kb_symbol.h" alt="" coords="1480,156,1576,180">
<area shape="rect" href="$kb__config_8h.html" title="kb_config.h" alt="" coords="1600,156,1688,180">
<area shape="rect" href="$kb__socket_8h.html" title="kb_socket.h" alt="" coords="1712,156,1803,180">
<area shape="rect" href="$kb__sound_8h.html" title="kb_sound.h" alt="" coords="2219,156,2307,180">
<area shape="rect" href="$kb__wav_8h.html" title="kb_wav.h" alt="" coords="1827,156,1901,180">
<area shape="rect" href="$kb__gpio_8h.html" title="kb_gpio.h" alt="" coords="1925,156,2003,180">
<area shape="rect" href="$kb__pwm_8h.html" title="kb_pwm.h" alt="" coords="2027,156,2107,180">
<area shape="rect" href="$kb__lrf_8h.html" title="kb_lrf.h" alt="" coords="2131,156,2195,180">
<area shape="rect" href="$kb__khepera3_8h.html" title="kb_khepera3.h" alt="" coords="2381,156,2488,180">
<area shape="rect" href="$knet_8h.html" title="knet.h" alt="" coords="2407,230,2463,254">
<area shape="rect" href="$kb__gripper_8h.html" title="kb_gripper.h" alt="" coords="3307,156,3397,180">
<area shape="rect" href="$kbot_8h.html" title="kbot.h" alt="" coords="2512,156,2568,180">
<area shape="rect" href="$kmot_8h.html" title="kmot.h" alt="" coords="2592,156,2653,180">
<area shape="rect" href="$hem_8h.html" title="hem.h" alt="" coords="2677,156,2733,180">
<area shape="rect" href="$koala_8h.html" title="koala.h" alt="" coords="2757,156,2821,180">
<area shape="rect" href="$koreio_8h.html" title="koreio.h" alt="" coords="2845,156,2912,180">
<area shape="rect" href="$ltc1663_8h.html" title="ltc1663.h" alt="" coords="2936,156,3011,180">
