<area shape="rect" href="$korebot_8h.html" title="korebot.h" alt="" coords="1569,81,1644,105">
<area shape="rect" href="$knet__i2c_8h.html" title="knet_i2c.h" alt="" coords="1668,81,1748,105">
<area shape="rect" href="$i2ccom_8h.html" title="i2ccom.h" alt="" coords="1772,81,1847,105">
<area shape="rect" href="$kb__init_8h.html" title="kb_init.h" alt="" coords="1251,156,1320,180">
<area shape="rect" href="$kb__error_8h.html" title="kb_error.h" alt="" coords="1344,156,1421,180">
<area shape="rect" href="$kb__memory_8h.html" title="kb_memory.h" alt="" coords="1445,156,1544,180">
<area shape="rect" href="$kb__time_8h.html" title="kb_time.h" alt="" coords="1568,156,1645,180">
<area shape="rect" href="$kb__cmdparser_8h.html" title="kb_cmdparser.h" alt="" coords="1669,156,1781,180">
<area shape="rect" href="$kb__symbol_8h.html" title="kb_symbol.h" alt="" coords="1805,156,1901,180">
<area shape="rect" href="$kb__config_8h.html" title="kb_config.h" alt="" coords="1925,156,2013,180">
<area shape="rect" href="$kb__socket_8h.html" title="kb_socket.h" alt="" coords="549,156,640,180">
<area shape="rect" href="$kb__sound_8h.html" title="kb_sound.h" alt="" coords="2037,156,2125,180">
<area shape="rect" href="$kb__wav_8h.html" title="kb_wav.h" alt="" coords="2149,156,2224,180">
<area shape="rect" href="$kb__gpio_8h.html" title="kb_gpio.h" alt="" coords="2248,156,2325,180">
<area shape="rect" href="$kb__pwm_8h.html" title="kb_pwm.h" alt="" coords="2349,156,2429,180">
<area shape="rect" href="$kb__lrf_8h.html" title="kb_lrf.h" alt="" coords="2453,156,2517,180">
<area shape="rect" href="$kb__khepera3_8h.html" title="kb_khepera3.h" alt="" coords="2592,156,2699,180">
<area shape="rect" href="$knet_8h.html" title="knet.h" alt="" coords="2617,230,2673,254">
<area shape="rect" href="$kb__gripper_8h.html" title="kb_gripper.h" alt="" coords="2723,156,2813,180">
<area shape="rect" href="$kbot_8h.html" title="kbot.h" alt="" coords="2837,156,2893,180">
<area shape="rect" href="$kmot_8h.html" title="kmot.h" alt="" coords="2917,156,2979,180">
<area shape="rect" href="$hem_8h.html" title="hem.h" alt="" coords="3003,156,3059,180">
<area shape="rect" href="$koala_8h.html" title="koala.h" alt="" coords="3083,156,3147,180">
<area shape="rect" href="$koreio_8h.html" title="koreio.h" alt="" coords="3171,156,3237,180">
<area shape="rect" href="$ltc1663_8h.html" title="ltc1663.h" alt="" coords="3261,156,3336,180">
