<area shape="rect" href="$koreio_8c.html#19d86c8e3b1eefe2e308c8d14be994b0" title="kio_SendCAN" alt="" coords="116,54,217,78">
<area shape="rect" href="$kgripper__test_8c.html#bc9e348a7a7fb4c413679ef7ee4a4ead" title="status" alt="" coords="139,440,195,464">
<area shape="rect" href="$knet_8c.html#d5d0333b6dd8438307e51850a7af26be" title="knet_read8" alt="" coords="521,296,607,320">
<area shape="rect" href="$knet_8c.html#dc6fa8c32875470f89a4a4c6aa60b503" title="knet_write8" alt="" coords="324,5,412,29">
<area shape="rect" href="$knet_8c.html#92df29c6cbda9a8b70febbf726148dc6" title="knet_lltransfer" alt="" coords="659,464,763,488">
<area shape="rect" href="$knet_8c.html#8c383097f8fef553088f53e073b4c9e1" title="knet_llwrite" alt="" coords="521,5,607,29">
<area shape="rect" href="$kb__gripper_8c.html#b8059a23067d79f9f24ac325f51b4425" title="kgripper_Arm_Get_Capacity" alt="" coords="276,104,460,128">
<area shape="rect" href="$kb__gripper_8c.html#22afd5309580d5b6c0980708876ebe7c" title="kgripper_Arm_Get_Current" alt="" coords="280,536,456,560">
<area shape="rect" href="$kb__gripper_8c.html#6a70b3691dd9f9df784bbd0ae6063a2e" title="kgripper_Arm_Get_Limits" alt="" coords="284,584,452,608">
<area shape="rect" href="$kb__gripper_8c.html#68342e68dd5c1a20fa1b4b6aaf2375aa" title="kgripper_Arm_Get_Max_Speed" alt="" coords="267,152,469,176">
<area shape="rect" href="$kb__gripper_8c.html#2932ee3898b91b7ed7618f731d8ed834" title="kgripper_Arm_Get_Order" alt="" coords="285,632,451,656">
<area shape="rect" href="$kb__gripper_8c.html#9c246a62a0c0c42c2768b773b6325e3d" title="kgripper_Arm_Get_Position" alt="" coords="279,680,457,704">
<area shape="rect" href="$kb__gripper_8c.html#09034eda465056d138b6a2dad15e6d7a" title="kgripper_Arm_Get_Speed" alt="" coords="283,200,453,224">
<area shape="rect" href="$kb__gripper_8c.html#05c5c4d3a3bc266539db451b692357a3" title="kgripper_Arm_Get_Voltage" alt="" coords="280,728,456,752">
<area shape="rect" href="$kb__gripper_8c.html#bca79c8b2c59f119be52fdcd70ac458b" title="kgripper_Arm_OnTarget" alt="" coords="289,248,447,272">
<area shape="rect" href="$kb__gripper_8c.html#78586bd8db4dd817a82a823fe68242d2" title="kgripper_Gripper_Get_Current" alt="" coords="272,776,464,800">
<area shape="rect" href="$kb__gripper_8c.html#a4b83cfadcb55722b159745a78d4db28" title="kgripper_Gripper_Get_Limits" alt="" coords="275,296,461,320">
<area shape="rect" href="$kb__gripper_8c.html#4708ffb6241e065e716c66ea605ba7c4" title="kgripper_Gripper_Get_Order" alt="" coords="276,344,460,368">
<area shape="rect" href="$kb__gripper_8c.html#800525e4e793235cac56f546d87ea084" title="kgripper_Gripper_Get_Position" alt="" coords="269,392,467,416">
<area shape="rect" href="$kb__gripper_8c.html#e2fb6852012689a70755b7e5435d7b55" title="kgripper_Gripper_Get_Speed" alt="" coords="275,440,461,464">
<area shape="rect" href="$kb__gripper_8c.html#ceaea4ed0608e8de918f6fc625009bca" title="kgripper_Gripper_Get_Torque" alt="" coords="273,824,463,848">
<area shape="rect" href="$kb__gripper_8c.html#61758a65903f1ac6e19bd4ad758df47c" title="kgripper_Gripper_OnTarget" alt="" coords="280,488,456,512">
<area shape="rect" href="$knet_8c.html#b1b2716718bfa0fa4f44c3ba1f0961b4" title="knet_read16" alt="" coords="519,656,609,680">
